19:36:09.485 [Test worker] INFO  manager.ApplicationManager -- All tests runs in Chrome Browser
19:36:09.952 [Test worker] INFO  manager.ListenerWD -- Navigato to-->https://telranedu.web.app/
19:36:11.039 [Test worker] INFO  manager.ApplicationManager -- The link --->https://telranedu.web.app/home
19:36:11.082 [Test worker] INFO  tests.TestBase -- Name of method(test) -->loginWrongEmail
19:36:12.116 [Test worker] INFO  tests.TestBase -- Test data --->  email: 'flowergmail.com' & password: 'Flower123!'
19:36:12.117 [Test worker] INFO  manager.ListenerWD -- Before find element-->By.cssSelector: a[href ='/login']
19:36:12.152 [Test worker] INFO  manager.ListenerWD -- After find element-->By.cssSelector: a[href ='/login']
19:36:12.160 [Test worker] INFO  manager.ListenerWD -- Location of element-->a
19:36:12.180 [Test worker] INFO  manager.ListenerWD -- Before click element -->atext-->LOGIN
19:36:12.254 [Test worker] INFO  manager.ListenerWD -- After click element -->atext-->LOGIN
19:36:12.255 [Test worker] INFO  manager.HelperBase -- open form by click on button with locator a[href ='/login']
19:36:12.256 [Test worker] INFO  manager.ListenerWD -- Before find element-->By.name: email
19:36:12.283 [Test worker] INFO  manager.ListenerWD -- After find element-->By.name: email
19:36:12.290 [Test worker] INFO  manager.ListenerWD -- Location of element-->input
19:36:12.303 [Test worker] INFO  manager.ListenerWD -- Before click element -->inputtext-->
19:36:12.388 [Test worker] INFO  manager.ListenerWD -- After click element -->inputtext-->
19:36:12.424 [Test worker] INFO  manager.ListenerWD -- sendKeys-->
19:36:12.430 [Test worker] INFO  manager.ListenerWD -- sendKeys_TagName-->input
19:36:12.470 [Test worker] INFO  manager.ListenerWD -- sendKeys-->
19:36:12.476 [Test worker] INFO  manager.ListenerWD -- sendKeys_TagName-->input
19:36:12.501 [Test worker] INFO  manager.ListenerWD -- sendKeys-->
19:36:12.508 [Test worker] INFO  manager.ListenerWD -- sendKeys_TagName-->input
19:36:12.537 [Test worker] INFO  manager.ListenerWD -- Before find element-->By.xpath: //input[@placeholder = 'Password']
19:36:12.565 [Test worker] INFO  manager.ListenerWD -- After find element-->By.xpath: //input[@placeholder = 'Password']
19:36:12.571 [Test worker] INFO  manager.ListenerWD -- Location of element-->input
19:36:12.584 [Test worker] INFO  manager.ListenerWD -- Before click element -->inputtext-->
19:36:12.649 [Test worker] INFO  manager.ListenerWD -- After click element -->inputtext-->
19:36:12.677 [Test worker] INFO  manager.ListenerWD -- sendKeys-->
19:36:12.683 [Test worker] INFO  manager.ListenerWD -- sendKeys_TagName-->input
19:36:12.712 [Test worker] INFO  manager.ListenerWD -- sendKeys-->
19:36:12.718 [Test worker] INFO  manager.ListenerWD -- sendKeys_TagName-->input
19:36:12.750 [Test worker] INFO  manager.ListenerWD -- sendKeys-->
19:36:12.755 [Test worker] INFO  manager.ListenerWD -- sendKeys_TagName-->input
19:36:12.783 [Test worker] INFO  manager.HelperBase -- type in input with locator By.name("email")
19:36:12.783 [Test worker] INFO  manager.ListenerWD -- Before find element-->By.xpath: //button[text()='Login']
19:36:12.808 [Test worker] INFO  manager.ListenerWD -- After find element-->By.xpath: //button[text()='Login']
19:36:12.815 [Test worker] INFO  manager.ListenerWD -- Location of element-->button
19:36:12.829 [Test worker] INFO  manager.ListenerWD -- Before click element -->buttontext-->Login
19:36:15.082 [Test worker] INFO  tests.TestBase -- Assert check is alert present with error text 'Wrong email or password'
19:36:15.087 [Test worker] INFO  tests.TestBase -- =============================================================================
19:36:15.102 [Test worker] INFO  tests.TestBase -- Name of method(test) -->registrationWrongPassword
19:36:16.166 [Test worker] INFO  tests.TestBase -- Start test with name 'registrationWrongPassword'
19:36:16.166 [Test worker] INFO  tests.TestBase -- Test data --->  email: 'brown@gmail.com' & password: 'Brown'
19:36:16.166 [Test worker] INFO  manager.ListenerWD -- Before find element-->By.cssSelector: a[href ='/login']
19:36:16.185 [Test worker] INFO  manager.ListenerWD -- After find element-->By.cssSelector: a[href ='/login']
19:36:16.191 [Test worker] INFO  manager.ListenerWD -- Location of element-->a
19:36:16.206 [Test worker] INFO  manager.ListenerWD -- Before click element -->atext-->LOGIN
19:36:16.267 [Test worker] INFO  manager.ListenerWD -- After click element -->atext-->LOGIN
19:36:16.267 [Test worker] INFO  manager.HelperBase -- open form by click on button with locator a[href ='/login']
19:36:16.267 [Test worker] INFO  manager.ListenerWD -- Before find element-->By.name: email
19:36:16.284 [Test worker] INFO  manager.ListenerWD -- After find element-->By.name: email
19:36:16.290 [Test worker] INFO  manager.ListenerWD -- Location of element-->input
19:36:16.302 [Test worker] INFO  manager.ListenerWD -- Before click element -->inputtext-->
19:36:16.362 [Test worker] INFO  manager.ListenerWD -- After click element -->inputtext-->
19:36:16.392 [Test worker] INFO  manager.ListenerWD -- sendKeys-->
19:36:16.396 [Test worker] INFO  manager.ListenerWD -- sendKeys_TagName-->input
19:36:16.439 [Test worker] INFO  manager.ListenerWD -- sendKeys-->
19:36:16.447 [Test worker] INFO  manager.ListenerWD -- sendKeys_TagName-->input
19:36:16.477 [Test worker] INFO  manager.ListenerWD -- sendKeys-->
19:36:16.482 [Test worker] INFO  manager.ListenerWD -- sendKeys_TagName-->input
19:36:16.509 [Test worker] INFO  manager.ListenerWD -- Before find element-->By.xpath: //input[@placeholder = 'Password']
19:36:16.527 [Test worker] INFO  manager.ListenerWD -- After find element-->By.xpath: //input[@placeholder = 'Password']
19:36:16.532 [Test worker] INFO  manager.ListenerWD -- Location of element-->input
19:36:16.545 [Test worker] INFO  manager.ListenerWD -- Before click element -->inputtext-->
19:36:16.608 [Test worker] INFO  manager.ListenerWD -- After click element -->inputtext-->
19:36:16.634 [Test worker] INFO  manager.ListenerWD -- sendKeys-->
19:36:16.640 [Test worker] INFO  manager.ListenerWD -- sendKeys_TagName-->input
19:36:16.677 [Test worker] INFO  manager.ListenerWD -- sendKeys-->
19:36:16.681 [Test worker] INFO  manager.ListenerWD -- sendKeys_TagName-->input
19:36:16.708 [Test worker] INFO  manager.ListenerWD -- sendKeys-->
19:36:16.712 [Test worker] INFO  manager.ListenerWD -- sendKeys_TagName-->input
19:36:16.732 [Test worker] INFO  manager.ListenerWD -- Before find element-->By.xpath: //button[text()='Registration']
19:36:16.751 [Test worker] INFO  manager.ListenerWD -- After find element-->By.xpath: //button[text()='Registration']
19:36:16.756 [Test worker] INFO  manager.ListenerWD -- Location of element-->button
19:36:16.768 [Test worker] INFO  manager.ListenerWD -- Before click element -->buttontext-->Registration
19:36:17.357 [Test worker] INFO  tests.TestBase -- Assert check: is alert signe 'Wrong email or password format' present
19:36:17.359 [Test worker] INFO  tests.TestBase -- =============================================================================
19:36:17.361 [Test worker] INFO  tests.TestBase -- Name of method(test) -->addNewContactSuccessAllFields
19:36:18.365 [Test worker] INFO  manager.ListenerWD -- Before find element-->By.cssSelector: a[href ='/login']
19:36:18.379 [Test worker] INFO  manager.ListenerWD -- After find element-->By.cssSelector: a[href ='/login']
19:36:18.384 [Test worker] INFO  manager.ListenerWD -- Location of element-->a
19:36:18.395 [Test worker] INFO  manager.ListenerWD -- Before click element -->atext-->LOGIN
19:36:18.446 [Test worker] INFO  manager.ListenerWD -- After click element -->atext-->LOGIN
19:36:18.446 [Test worker] INFO  manager.HelperBase -- open form by click on button with locator a[href ='/login']
19:36:18.447 [Test worker] INFO  manager.ListenerWD -- Before find element-->By.name: email
19:36:18.459 [Test worker] INFO  manager.ListenerWD -- After find element-->By.name: email
19:36:18.463 [Test worker] INFO  manager.ListenerWD -- Location of element-->input
19:36:18.476 [Test worker] INFO  manager.ListenerWD -- Before click element -->inputtext-->
19:36:18.532 [Test worker] INFO  manager.ListenerWD -- After click element -->inputtext-->
19:36:18.559 [Test worker] INFO  manager.ListenerWD -- sendKeys-->
19:36:18.564 [Test worker] INFO  manager.ListenerWD -- sendKeys_TagName-->input
19:36:18.607 [Test worker] INFO  manager.ListenerWD -- sendKeys-->
19:36:18.613 [Test worker] INFO  manager.ListenerWD -- sendKeys_TagName-->input
19:36:18.641 [Test worker] INFO  manager.ListenerWD -- sendKeys-->
19:36:18.646 [Test worker] INFO  manager.ListenerWD -- sendKeys_TagName-->input
19:36:18.673 [Test worker] INFO  manager.ListenerWD -- Before find element-->By.xpath: //input[@placeholder = 'Password']
19:36:18.687 [Test worker] INFO  manager.ListenerWD -- After find element-->By.xpath: //input[@placeholder = 'Password']
19:36:18.692 [Test worker] INFO  manager.ListenerWD -- Location of element-->input
19:36:18.703 [Test worker] INFO  manager.ListenerWD -- Before click element -->inputtext-->
19:36:18.757 [Test worker] INFO  manager.ListenerWD -- After click element -->inputtext-->
19:36:18.783 [Test worker] INFO  manager.ListenerWD -- sendKeys-->
19:36:18.788 [Test worker] INFO  manager.ListenerWD -- sendKeys_TagName-->input
19:36:18.824 [Test worker] INFO  manager.ListenerWD -- sendKeys-->
19:36:18.828 [Test worker] INFO  manager.ListenerWD -- sendKeys_TagName-->input
19:36:18.853 [Test worker] INFO  manager.ListenerWD -- sendKeys-->
19:36:18.858 [Test worker] INFO  manager.ListenerWD -- sendKeys_TagName-->input
19:36:18.880 [Test worker] INFO  manager.ListenerWD -- Before find element-->By.xpath: //button[text()='Login']
19:36:18.894 [Test worker] INFO  manager.ListenerWD -- After find element-->By.xpath: //button[text()='Login']
19:36:18.899 [Test worker] INFO  manager.ListenerWD -- Location of element-->button
19:36:18.910 [Test worker] INFO  manager.ListenerWD -- Before click element -->buttontext-->Login
19:36:18.953 [Test worker] INFO  tests.TestBase -- Before method finished logout
19:36:18.954 [Test worker] INFO  tests.TestBase -- Start test with name 'addNewContactSuccessAllFields'
19:36:18.958 [Test worker] INFO  tests.TestBase -- Test data --->  name: 'Bob'; lastName: 'Bobert', phone: '0536781321' email: 'bobert1321@gmail.com', address: 'Tel Aviv, Israel', description: 'friend'
19:36:18.958 [Test worker] INFO  manager.ListenerWD -- Before find element-->By.xpath: //a[normalize-space()='ADD']
19:36:19.290 [Test worker] INFO  manager.ListenerWD -- After find element-->By.xpath: //a[normalize-space()='ADD']
19:36:19.295 [Test worker] INFO  manager.ListenerWD -- Location of element-->a
19:36:19.304 [Test worker] INFO  manager.ListenerWD -- Before click element -->atext-->ADD
19:36:19.369 [Test worker] INFO  manager.ListenerWD -- After click element -->atext-->ADD
19:36:19.369 [Test worker] INFO  manager.ListenerWD -- Before find element-->By.xpath: //input[@placeholder='Name']
19:36:19.385 [Test worker] INFO  manager.ListenerWD -- After find element-->By.xpath: //input[@placeholder='Name']
19:36:19.390 [Test worker] INFO  manager.ListenerWD -- Location of element-->input
19:36:19.400 [Test worker] INFO  manager.ListenerWD -- Before click element -->inputtext-->
19:36:19.457 [Test worker] INFO  manager.ListenerWD -- After click element -->inputtext-->
19:36:19.482 [Test worker] INFO  manager.ListenerWD -- sendKeys-->
19:36:19.485 [Test worker] INFO  manager.ListenerWD -- sendKeys_TagName-->input
19:36:19.510 [Test worker] INFO  manager.ListenerWD -- sendKeys-->
19:36:19.514 [Test worker] INFO  manager.ListenerWD -- sendKeys_TagName-->input
19:36:19.539 [Test worker] INFO  manager.ListenerWD -- sendKeys-->
19:36:19.545 [Test worker] INFO  manager.ListenerWD -- sendKeys_TagName-->input
19:36:19.564 [Test worker] INFO  manager.ListenerWD -- Before find element-->By.xpath: //input[@placeholder='Last Name']
19:36:19.580 [Test worker] INFO  manager.ListenerWD -- After find element-->By.xpath: //input[@placeholder='Last Name']
19:36:19.584 [Test worker] INFO  manager.ListenerWD -- Location of element-->input
19:36:19.596 [Test worker] INFO  manager.ListenerWD -- Before click element -->inputtext-->
19:36:19.649 [Test worker] INFO  manager.ListenerWD -- After click element -->inputtext-->
19:36:19.673 [Test worker] INFO  manager.ListenerWD -- sendKeys-->
19:36:19.677 [Test worker] INFO  manager.ListenerWD -- sendKeys_TagName-->input
19:36:19.702 [Test worker] INFO  manager.ListenerWD -- sendKeys-->
19:36:19.706 [Test worker] INFO  manager.ListenerWD -- sendKeys_TagName-->input
19:36:19.729 [Test worker] INFO  manager.ListenerWD -- sendKeys-->
19:36:19.733 [Test worker] INFO  manager.ListenerWD -- sendKeys_TagName-->input
19:36:19.756 [Test worker] INFO  manager.ListenerWD -- Before find element-->By.xpath: //input[@placeholder='Phone']
19:36:19.773 [Test worker] INFO  manager.ListenerWD -- After find element-->By.xpath: //input[@placeholder='Phone']
19:36:19.777 [Test worker] INFO  manager.ListenerWD -- Location of element-->input
19:36:19.787 [Test worker] INFO  manager.ListenerWD -- Before click element -->inputtext-->
19:36:19.835 [Test worker] INFO  manager.ListenerWD -- After click element -->inputtext-->
19:36:19.859 [Test worker] INFO  manager.ListenerWD -- sendKeys-->
19:36:19.863 [Test worker] INFO  manager.ListenerWD -- sendKeys_TagName-->input
19:36:19.890 [Test worker] INFO  manager.ListenerWD -- sendKeys-->
19:36:19.895 [Test worker] INFO  manager.ListenerWD -- sendKeys_TagName-->input
19:36:19.923 [Test worker] INFO  manager.ListenerWD -- sendKeys-->
19:36:19.927 [Test worker] INFO  manager.ListenerWD -- sendKeys_TagName-->input
19:36:19.953 [Test worker] INFO  manager.ListenerWD -- Before find element-->By.xpath: //input[@placeholder='email']
19:36:19.969 [Test worker] INFO  manager.ListenerWD -- After find element-->By.xpath: //input[@placeholder='email']
19:36:19.974 [Test worker] INFO  manager.ListenerWD -- Location of element-->input
19:36:19.984 [Test worker] INFO  manager.ListenerWD -- Before click element -->inputtext-->
19:36:20.031 [Test worker] INFO  manager.ListenerWD -- After click element -->inputtext-->
19:36:20.056 [Test worker] INFO  manager.ListenerWD -- sendKeys-->
19:36:20.059 [Test worker] INFO  manager.ListenerWD -- sendKeys_TagName-->input
19:36:20.084 [Test worker] INFO  manager.ListenerWD -- sendKeys-->
19:36:20.089 [Test worker] INFO  manager.ListenerWD -- sendKeys_TagName-->input
19:36:20.113 [Test worker] INFO  manager.ListenerWD -- sendKeys-->
19:36:20.118 [Test worker] INFO  manager.ListenerWD -- sendKeys_TagName-->input
19:36:20.145 [Test worker] INFO  manager.ListenerWD -- Before find element-->By.xpath: //input[@placeholder='Address']
19:36:20.159 [Test worker] INFO  manager.ListenerWD -- After find element-->By.xpath: //input[@placeholder='Address']
19:36:20.165 [Test worker] INFO  manager.ListenerWD -- Location of element-->input
19:36:20.175 [Test worker] INFO  manager.ListenerWD -- Before click element -->inputtext-->
19:36:20.224 [Test worker] INFO  manager.ListenerWD -- After click element -->inputtext-->
19:36:20.247 [Test worker] INFO  manager.ListenerWD -- sendKeys-->
19:36:20.251 [Test worker] INFO  manager.ListenerWD -- sendKeys_TagName-->input
19:36:20.275 [Test worker] INFO  manager.ListenerWD -- sendKeys-->
19:36:20.279 [Test worker] INFO  manager.ListenerWD -- sendKeys_TagName-->input
19:36:20.306 [Test worker] INFO  manager.ListenerWD -- sendKeys-->
19:36:20.311 [Test worker] INFO  manager.ListenerWD -- sendKeys_TagName-->input
19:36:20.341 [Test worker] INFO  manager.ListenerWD -- Before find element-->By.xpath: //input[@placeholder='description']
19:36:20.359 [Test worker] INFO  manager.ListenerWD -- After find element-->By.xpath: //input[@placeholder='description']
19:36:20.365 [Test worker] INFO  manager.ListenerWD -- Location of element-->input
19:36:20.377 [Test worker] INFO  manager.ListenerWD -- Before click element -->inputtext-->
19:36:20.425 [Test worker] INFO  manager.ListenerWD -- After click element -->inputtext-->
19:36:20.447 [Test worker] INFO  manager.ListenerWD -- sendKeys-->
19:36:20.451 [Test worker] INFO  manager.ListenerWD -- sendKeys_TagName-->input
19:36:20.475 [Test worker] INFO  manager.ListenerWD -- sendKeys-->
19:36:20.478 [Test worker] INFO  manager.ListenerWD -- sendKeys_TagName-->input
19:36:20.501 [Test worker] INFO  manager.ListenerWD -- sendKeys-->
19:36:20.507 [Test worker] INFO  manager.ListenerWD -- sendKeys_TagName-->input
19:36:21.155 [Test worker] INFO  manager.ListenerWD -- Before find element-->By.cssSelector: .add_form__2rsm2>button
19:36:21.172 [Test worker] INFO  manager.ListenerWD -- After find element-->By.cssSelector: .add_form__2rsm2>button
19:36:21.178 [Test worker] INFO  manager.ListenerWD -- Location of element-->button
19:36:21.191 [Test worker] INFO  manager.ListenerWD -- Before click element -->buttontext-->Save
19:36:21.247 [Test worker] INFO  manager.ListenerWD -- After click element -->buttontext-->Save
19:36:22.070 [Test worker] INFO  tests.TestBase -- Assert check: are name and phone number of the added contact equals test data
19:36:22.071 [Test worker] INFO  tests.TestBase -- =============================================================================
19:36:22.076 [Test worker] INFO  tests.TestBase -- Name of method(test) -->addNewContactSuccessAllFields
19:36:22.093 [Test worker] INFO  tests.TestBase -- Before method finished logout
19:36:22.097 [Test worker] INFO  manager.ListenerWD -- Before find element-->By.xpath: //a[normalize-space()='ADD']
19:36:22.111 [Test worker] INFO  manager.ListenerWD -- After find element-->By.xpath: //a[normalize-space()='ADD']
19:36:22.116 [Test worker] INFO  manager.ListenerWD -- Location of element-->a
19:36:22.128 [Test worker] INFO  manager.ListenerWD -- Before click element -->atext-->ADD
19:36:22.191 [Test worker] INFO  manager.ListenerWD -- After click element -->atext-->ADD
19:36:22.192 [Test worker] INFO  manager.ListenerWD -- Before find element-->By.xpath: //input[@placeholder='Name']
19:36:22.205 [Test worker] INFO  manager.ListenerWD -- After find element-->By.xpath: //input[@placeholder='Name']
19:36:22.209 [Test worker] INFO  manager.ListenerWD -- Location of element-->input
19:36:22.219 [Test worker] INFO  manager.ListenerWD -- Before click element -->inputtext-->
19:36:22.276 [Test worker] INFO  manager.ListenerWD -- After click element -->inputtext-->
19:36:22.302 [Test worker] INFO  manager.ListenerWD -- sendKeys-->
19:36:22.309 [Test worker] INFO  manager.ListenerWD -- sendKeys_TagName-->input
19:36:22.335 [Test worker] INFO  manager.ListenerWD -- sendKeys-->
19:36:22.340 [Test worker] INFO  manager.ListenerWD -- sendKeys_TagName-->input
19:36:22.367 [Test worker] INFO  manager.ListenerWD -- sendKeys-->
19:36:22.376 [Test worker] INFO  manager.ListenerWD -- sendKeys_TagName-->input
19:36:22.398 [Test worker] INFO  manager.ListenerWD -- Before find element-->By.xpath: //input[@placeholder='Last Name']
19:36:22.411 [Test worker] INFO  manager.ListenerWD -- After find element-->By.xpath: //input[@placeholder='Last Name']
19:36:22.415 [Test worker] INFO  manager.ListenerWD -- Location of element-->input
19:36:22.428 [Test worker] INFO  manager.ListenerWD -- Before click element -->inputtext-->
19:36:22.477 [Test worker] INFO  manager.ListenerWD -- After click element -->inputtext-->
19:36:22.502 [Test worker] INFO  manager.ListenerWD -- sendKeys-->
19:36:22.508 [Test worker] INFO  manager.ListenerWD -- sendKeys_TagName-->input
19:36:22.530 [Test worker] INFO  manager.ListenerWD -- sendKeys-->
19:36:22.534 [Test worker] INFO  manager.ListenerWD -- sendKeys_TagName-->input
19:36:22.559 [Test worker] INFO  manager.ListenerWD -- sendKeys-->
19:36:22.564 [Test worker] INFO  manager.ListenerWD -- sendKeys_TagName-->input
19:36:22.583 [Test worker] INFO  manager.ListenerWD -- Before find element-->By.xpath: //input[@placeholder='Phone']
19:36:22.599 [Test worker] INFO  manager.ListenerWD -- After find element-->By.xpath: //input[@placeholder='Phone']
19:36:22.603 [Test worker] INFO  manager.ListenerWD -- Location of element-->input
19:36:22.614 [Test worker] INFO  manager.ListenerWD -- Before click element -->inputtext-->
19:36:22.666 [Test worker] INFO  manager.ListenerWD -- After click element -->inputtext-->
19:36:22.692 [Test worker] INFO  manager.ListenerWD -- sendKeys-->
19:36:22.697 [Test worker] INFO  manager.ListenerWD -- sendKeys_TagName-->input
19:36:22.723 [Test worker] INFO  manager.ListenerWD -- sendKeys-->
19:36:22.728 [Test worker] INFO  manager.ListenerWD -- sendKeys_TagName-->input
19:36:22.754 [Test worker] INFO  manager.ListenerWD -- sendKeys-->
19:36:22.759 [Test worker] INFO  manager.ListenerWD -- sendKeys_TagName-->input
19:36:22.786 [Test worker] INFO  manager.ListenerWD -- Before find element-->By.xpath: //input[@placeholder='email']
19:36:22.799 [Test worker] INFO  manager.ListenerWD -- After find element-->By.xpath: //input[@placeholder='email']
19:36:22.803 [Test worker] INFO  manager.ListenerWD -- Location of element-->input
19:36:22.815 [Test worker] INFO  manager.ListenerWD -- Before click element -->inputtext-->
19:36:22.871 [Test worker] INFO  manager.ListenerWD -- After click element -->inputtext-->
19:36:22.902 [Test worker] INFO  manager.ListenerWD -- sendKeys-->
19:36:22.908 [Test worker] INFO  manager.ListenerWD -- sendKeys_TagName-->input
19:36:22.941 [Test worker] INFO  manager.ListenerWD -- sendKeys-->
19:36:22.944 [Test worker] INFO  manager.ListenerWD -- sendKeys_TagName-->input
19:36:22.969 [Test worker] INFO  manager.ListenerWD -- sendKeys-->
19:36:22.974 [Test worker] INFO  manager.ListenerWD -- sendKeys_TagName-->input
19:36:23.003 [Test worker] INFO  manager.ListenerWD -- Before find element-->By.xpath: //input[@placeholder='Address']
19:36:23.016 [Test worker] INFO  manager.ListenerWD -- After find element-->By.xpath: //input[@placeholder='Address']
19:36:23.022 [Test worker] INFO  manager.ListenerWD -- Location of element-->input
19:36:23.032 [Test worker] INFO  manager.ListenerWD -- Before click element -->inputtext-->
19:36:23.087 [Test worker] INFO  manager.ListenerWD -- After click element -->inputtext-->
19:36:23.115 [Test worker] INFO  manager.ListenerWD -- sendKeys-->
19:36:23.120 [Test worker] INFO  manager.ListenerWD -- sendKeys_TagName-->input
19:36:23.150 [Test worker] INFO  manager.ListenerWD -- sendKeys-->
19:36:23.155 [Test worker] INFO  manager.ListenerWD -- sendKeys_TagName-->input
19:36:23.181 [Test worker] INFO  manager.ListenerWD -- sendKeys-->
19:36:23.185 [Test worker] INFO  manager.ListenerWD -- sendKeys_TagName-->input
19:36:23.209 [Test worker] INFO  manager.ListenerWD -- Before find element-->By.xpath: //input[@placeholder='description']
19:36:23.221 [Test worker] INFO  manager.ListenerWD -- After find element-->By.xpath: //input[@placeholder='description']
19:36:23.228 [Test worker] INFO  manager.ListenerWD -- Location of element-->input
19:36:23.240 [Test worker] INFO  manager.ListenerWD -- Before click element -->inputtext-->
19:36:23.294 [Test worker] INFO  manager.ListenerWD -- After click element -->inputtext-->
19:36:23.321 [Test worker] INFO  manager.ListenerWD -- sendKeys-->
19:36:23.326 [Test worker] INFO  manager.ListenerWD -- sendKeys_TagName-->input
19:36:23.352 [Test worker] INFO  manager.ListenerWD -- sendKeys-->
19:36:23.357 [Test worker] INFO  manager.ListenerWD -- sendKeys_TagName-->input
19:36:23.384 [Test worker] INFO  manager.ListenerWD -- sendKeys-->
19:36:23.391 [Test worker] INFO  manager.ListenerWD -- sendKeys_TagName-->input
19:36:23.416 [Test worker] INFO  manager.ListenerWD -- Before find element-->By.cssSelector: .add_form__2rsm2>button
19:36:23.430 [Test worker] INFO  manager.ListenerWD -- After find element-->By.cssSelector: .add_form__2rsm2>button
19:36:23.435 [Test worker] INFO  manager.ListenerWD -- Location of element-->button
19:36:23.447 [Test worker] INFO  manager.ListenerWD -- Before click element -->buttontext-->Save
19:36:23.498 [Test worker] INFO  manager.ListenerWD -- After click element -->buttontext-->Save
19:36:24.152 [Test worker] INFO  tests.TestBase -- =============================================================================
19:36:24.153 [Test worker] INFO  tests.TestBase -- Name of method(test) -->addNewContactSuccessAllFields
19:36:24.165 [Test worker] INFO  tests.TestBase -- Before method finished logout
19:36:24.166 [Test worker] INFO  manager.ListenerWD -- Before find element-->By.xpath: //a[normalize-space()='ADD']
19:36:24.177 [Test worker] INFO  manager.ListenerWD -- After find element-->By.xpath: //a[normalize-space()='ADD']
19:36:24.182 [Test worker] INFO  manager.ListenerWD -- Location of element-->a
19:36:24.193 [Test worker] INFO  manager.ListenerWD -- Before click element -->atext-->ADD
19:36:24.248 [Test worker] INFO  manager.ListenerWD -- After click element -->atext-->ADD
19:36:24.248 [Test worker] INFO  manager.ListenerWD -- Before find element-->By.xpath: //input[@placeholder='Name']
19:36:24.260 [Test worker] INFO  manager.ListenerWD -- After find element-->By.xpath: //input[@placeholder='Name']
19:36:24.264 [Test worker] INFO  manager.ListenerWD -- Location of element-->input
19:36:24.275 [Test worker] INFO  manager.ListenerWD -- Before click element -->inputtext-->
19:36:24.327 [Test worker] INFO  manager.ListenerWD -- After click element -->inputtext-->
19:36:24.355 [Test worker] INFO  manager.ListenerWD -- sendKeys-->
19:36:24.360 [Test worker] INFO  manager.ListenerWD -- sendKeys_TagName-->input
19:36:24.388 [Test worker] INFO  manager.ListenerWD -- sendKeys-->
19:36:24.393 [Test worker] INFO  manager.ListenerWD -- sendKeys_TagName-->input
19:36:24.416 [Test worker] INFO  manager.ListenerWD -- sendKeys-->
19:36:24.420 [Test worker] INFO  manager.ListenerWD -- sendKeys_TagName-->input
19:36:24.443 [Test worker] INFO  manager.ListenerWD -- Before find element-->By.xpath: //input[@placeholder='Last Name']
19:36:24.455 [Test worker] INFO  manager.ListenerWD -- After find element-->By.xpath: //input[@placeholder='Last Name']
19:36:24.460 [Test worker] INFO  manager.ListenerWD -- Location of element-->input
19:36:24.472 [Test worker] INFO  manager.ListenerWD -- Before click element -->inputtext-->
19:36:24.524 [Test worker] INFO  manager.ListenerWD -- After click element -->inputtext-->
19:36:24.552 [Test worker] INFO  manager.ListenerWD -- sendKeys-->
19:36:24.556 [Test worker] INFO  manager.ListenerWD -- sendKeys_TagName-->input
19:36:24.583 [Test worker] INFO  manager.ListenerWD -- sendKeys-->
19:36:24.587 [Test worker] INFO  manager.ListenerWD -- sendKeys_TagName-->input
19:36:24.613 [Test worker] INFO  manager.ListenerWD -- sendKeys-->
19:36:24.618 [Test worker] INFO  manager.ListenerWD -- sendKeys_TagName-->input
19:36:24.641 [Test worker] INFO  manager.ListenerWD -- Before find element-->By.xpath: //input[@placeholder='Phone']
19:36:24.654 [Test worker] INFO  manager.ListenerWD -- After find element-->By.xpath: //input[@placeholder='Phone']
19:36:24.659 [Test worker] INFO  manager.ListenerWD -- Location of element-->input
19:36:24.670 [Test worker] INFO  manager.ListenerWD -- Before click element -->inputtext-->
19:36:24.724 [Test worker] INFO  manager.ListenerWD -- After click element -->inputtext-->
19:36:24.752 [Test worker] INFO  manager.ListenerWD -- sendKeys-->
19:36:24.756 [Test worker] INFO  manager.ListenerWD -- sendKeys_TagName-->input
19:36:24.784 [Test worker] INFO  manager.ListenerWD -- sendKeys-->
19:36:24.788 [Test worker] INFO  manager.ListenerWD -- sendKeys_TagName-->input
19:36:24.820 [Test worker] INFO  manager.ListenerWD -- sendKeys-->
19:36:24.826 [Test worker] INFO  manager.ListenerWD -- sendKeys_TagName-->input
19:36:24.856 [Test worker] INFO  manager.ListenerWD -- Before find element-->By.xpath: //input[@placeholder='email']
19:36:24.870 [Test worker] INFO  manager.ListenerWD -- After find element-->By.xpath: //input[@placeholder='email']
19:36:24.876 [Test worker] INFO  manager.ListenerWD -- Location of element-->input
19:36:24.886 [Test worker] INFO  manager.ListenerWD -- Before click element -->inputtext-->
19:36:24.956 [Test worker] INFO  manager.ListenerWD -- After click element -->inputtext-->
19:36:24.984 [Test worker] INFO  manager.ListenerWD -- sendKeys-->
19:36:24.989 [Test worker] INFO  manager.ListenerWD -- sendKeys_TagName-->input
19:36:25.018 [Test worker] INFO  manager.ListenerWD -- sendKeys-->
19:36:25.022 [Test worker] INFO  manager.ListenerWD -- sendKeys_TagName-->input
19:36:25.045 [Test worker] INFO  manager.ListenerWD -- sendKeys-->
19:36:25.049 [Test worker] INFO  manager.ListenerWD -- sendKeys_TagName-->input
19:36:25.075 [Test worker] INFO  manager.ListenerWD -- Before find element-->By.xpath: //input[@placeholder='Address']
19:36:25.087 [Test worker] INFO  manager.ListenerWD -- After find element-->By.xpath: //input[@placeholder='Address']
19:36:25.092 [Test worker] INFO  manager.ListenerWD -- Location of element-->input
19:36:25.102 [Test worker] INFO  manager.ListenerWD -- Before click element -->inputtext-->
19:36:25.148 [Test worker] INFO  manager.ListenerWD -- After click element -->inputtext-->
19:36:25.171 [Test worker] INFO  manager.ListenerWD -- sendKeys-->
19:36:25.175 [Test worker] INFO  manager.ListenerWD -- sendKeys_TagName-->input
19:36:25.199 [Test worker] INFO  manager.ListenerWD -- sendKeys-->
19:36:25.202 [Test worker] INFO  manager.ListenerWD -- sendKeys_TagName-->input
19:36:25.227 [Test worker] INFO  manager.ListenerWD -- sendKeys-->
19:36:25.231 [Test worker] INFO  manager.ListenerWD -- sendKeys_TagName-->input
19:36:25.250 [Test worker] INFO  manager.ListenerWD -- Before find element-->By.xpath: //input[@placeholder='description']
19:36:25.260 [Test worker] INFO  manager.ListenerWD -- After find element-->By.xpath: //input[@placeholder='description']
19:36:25.263 [Test worker] INFO  manager.ListenerWD -- Location of element-->input
19:36:25.274 [Test worker] INFO  manager.ListenerWD -- Before click element -->inputtext-->
19:36:25.317 [Test worker] INFO  manager.ListenerWD -- After click element -->inputtext-->
19:36:25.341 [Test worker] INFO  manager.ListenerWD -- sendKeys-->
19:36:25.344 [Test worker] INFO  manager.ListenerWD -- sendKeys_TagName-->input
19:36:25.371 [Test worker] INFO  manager.ListenerWD -- sendKeys-->
19:36:25.376 [Test worker] INFO  manager.ListenerWD -- sendKeys_TagName-->input
19:36:25.392 [Test worker] INFO  manager.ListenerWD -- Before find element-->By.cssSelector: .add_form__2rsm2>button
19:36:25.403 [Test worker] INFO  manager.ListenerWD -- After find element-->By.cssSelector: .add_form__2rsm2>button
19:36:25.408 [Test worker] INFO  manager.ListenerWD -- Location of element-->button
19:36:25.418 [Test worker] INFO  manager.ListenerWD -- Before click element -->buttontext-->Save
19:36:25.460 [Test worker] INFO  manager.ListenerWD -- After click element -->buttontext-->Save
19:36:26.112 [Test worker] INFO  tests.TestBase -- =============================================================================
19:36:26.113 [Test worker] INFO  tests.TestBase -- Name of method(test) -->removeFirstContact
19:36:26.126 [Test worker] INFO  tests.TestBase -- Before method finished logout
19:36:26.262 [Test worker] INFO  manager.HelperBase -- Number of Contacts before remove is -->14
19:36:26.262 [Test worker] INFO  manager.ListenerWD -- Before find element-->By.cssSelector: .contact-item_card__2SOIM
19:36:26.275 [Test worker] INFO  manager.ListenerWD -- After find element-->By.cssSelector: .contact-item_card__2SOIM
19:36:26.280 [Test worker] INFO  manager.ListenerWD -- Location of element-->div
19:36:26.289 [Test worker] INFO  manager.ListenerWD -- Before click element -->divtext-->Harry
555667771103
19:36:26.340 [Test worker] INFO  manager.ListenerWD -- After click element -->divtext-->Harry
555667771103
19:36:26.341 [Test worker] INFO  manager.ListenerWD -- Before find element-->By.xpath: //button[text()='Remove']
19:36:26.355 [Test worker] INFO  manager.ListenerWD -- After find element-->By.xpath: //button[text()='Remove']
19:36:26.359 [Test worker] INFO  manager.ListenerWD -- Location of element-->button
19:36:26.369 [Test worker] INFO  manager.ListenerWD -- Before click element -->buttontext-->Remove
19:36:26.417 [Test worker] INFO  manager.ListenerWD -- After click element -->buttontext-->Remove
19:36:28.498 [Test worker] INFO  manager.HelperBase -- Number of Contacts before remove is -->14
19:36:28.499 [Test worker] INFO  tests.TestBase -- =============================================================================
