19:31:47.694 [main] INFO  org.testng.internal.Utils -- [TestNG] Running:
  C:\Users\volko\AppData\Local\JetBrains\IdeaIC2025.2\temp-testng-customsuite.xml

19:31:51.076 [main] INFO  manager.ApplicationManager -- All tests runs in Chrome Browser
19:31:51.569 [main] INFO  manager.ListenerWD -- Navigato to-->https://telranedu.web.app/
19:31:52.212 [main] INFO  manager.ApplicationManager -- The link --->https://telranedu.web.app/home
19:31:52.242 [main] INFO  tests.TestBase -- Name of method(test) -->loginSuccess1
19:31:53.259 [main] INFO  tests.TestBase -- Start test with name 'loginSuccess1'
19:31:53.259 [main] INFO  tests.TestBase -- Test data --->  email: 'flower@gmail.com' & password: 'Flower123!'
19:31:53.261 [main] INFO  manager.ListenerWD -- Before find element-->By.cssSelector: a[href ='/login']
19:31:53.291 [main] INFO  manager.ListenerWD -- After find element-->By.cssSelector: a[href ='/login']
19:31:53.299 [main] INFO  manager.ListenerWD -- Location of element-->a
19:31:53.315 [main] INFO  manager.ListenerWD -- Before click element -->atext-->LOGIN
19:31:53.379 [main] INFO  manager.ListenerWD -- After click element -->atext-->LOGIN
19:31:53.379 [main] INFO  manager.HelperBase -- open form by click on button with locator a[href ='/login']
19:31:53.380 [main] INFO  manager.ListenerWD -- Before find element-->By.name: email
19:31:53.407 [main] INFO  manager.ListenerWD -- After find element-->By.name: email
19:31:53.412 [main] INFO  manager.ListenerWD -- Location of element-->input
19:31:53.424 [main] INFO  manager.ListenerWD -- Before click element -->inputtext-->
19:31:53.486 [main] INFO  manager.ListenerWD -- After click element -->inputtext-->
19:31:53.535 [main] INFO  manager.ListenerWD -- sendKeys-->
19:31:53.540 [main] INFO  manager.ListenerWD -- sendKeys_TagName-->input
19:31:53.600 [main] INFO  manager.ListenerWD -- sendKeys-->
19:31:53.605 [main] INFO  manager.ListenerWD -- sendKeys_TagName-->input
19:31:53.640 [main] INFO  manager.ListenerWD -- sendKeys-->
19:31:53.645 [main] INFO  manager.ListenerWD -- sendKeys_TagName-->input
19:31:53.683 [main] INFO  manager.ListenerWD -- Before find element-->By.xpath: //input[@placeholder = 'Password']
19:31:53.711 [main] INFO  manager.ListenerWD -- After find element-->By.xpath: //input[@placeholder = 'Password']
19:31:53.716 [main] INFO  manager.ListenerWD -- Location of element-->input
19:31:53.729 [main] INFO  manager.ListenerWD -- Before click element -->inputtext-->
19:31:53.787 [main] INFO  manager.ListenerWD -- After click element -->inputtext-->
19:31:53.820 [main] INFO  manager.ListenerWD -- sendKeys-->
19:31:53.824 [main] INFO  manager.ListenerWD -- sendKeys_TagName-->input
19:31:53.852 [main] INFO  manager.ListenerWD -- sendKeys-->
19:31:53.857 [main] INFO  manager.ListenerWD -- sendKeys_TagName-->input
19:31:53.886 [main] INFO  manager.ListenerWD -- sendKeys-->
19:31:53.891 [main] INFO  manager.ListenerWD -- sendKeys_TagName-->input
19:31:53.917 [main] INFO  manager.ListenerWD -- Before find element-->By.xpath: //button[text()='Login']
19:31:53.938 [main] INFO  manager.ListenerWD -- After find element-->By.xpath: //button[text()='Login']
19:31:53.944 [main] INFO  manager.ListenerWD -- Location of element-->button
19:31:53.956 [main] INFO  manager.ListenerWD -- Before click element -->buttontext-->Login
19:31:55.086 [main] INFO  tests.TestBase -- Assert check is element button 'Signe out' present
19:31:55.089 [main] INFO  tests.TestBase -- =============================================================================
19:31:55.091 [main] INFO  tests.TestBase -- Name of method(test) -->loginUregisteredUser
19:31:55.107 [main] INFO  manager.ListenerWD -- Before find element-->By.xpath: //button[text()='Sign Out']
19:31:55.125 [main] INFO  manager.ListenerWD -- After find element-->By.xpath: //button[text()='Sign Out']
19:31:55.132 [main] INFO  manager.ListenerWD -- Location of element-->button
19:31:55.144 [main] INFO  manager.ListenerWD -- Before click element -->buttontext-->Sign Out
19:31:55.193 [main] INFO  tests.TestBase -- Before method finished logout
19:31:55.195 [main] INFO  tests.TestBase -- Test data --->  email: 'flower@gmail.com' & password: 'Flower12'
19:31:55.195 [main] INFO  manager.ListenerWD -- Before find element-->By.cssSelector: a[href ='/login']
19:31:55.214 [main] INFO  manager.ListenerWD -- After find element-->By.cssSelector: a[href ='/login']
19:31:55.220 [main] INFO  manager.ListenerWD -- Location of element-->a
19:31:55.231 [main] INFO  manager.ListenerWD -- Before click element -->atext-->LOGIN
19:31:55.281 [main] INFO  manager.ListenerWD -- After click element -->atext-->LOGIN
19:31:55.282 [main] INFO  manager.HelperBase -- open form by click on button with locator a[href ='/login']
19:31:55.282 [main] INFO  manager.ListenerWD -- Before find element-->By.name: email
19:31:55.300 [main] INFO  manager.ListenerWD -- After find element-->By.name: email
19:31:55.305 [main] INFO  manager.ListenerWD -- Location of element-->input
19:31:55.316 [main] INFO  manager.ListenerWD -- Before click element -->inputtext-->
19:31:55.373 [main] INFO  manager.ListenerWD -- After click element -->inputtext-->
19:31:55.398 [main] INFO  manager.ListenerWD -- sendKeys-->
19:31:55.403 [main] INFO  manager.ListenerWD -- sendKeys_TagName-->input
19:31:55.430 [main] INFO  manager.ListenerWD -- sendKeys-->
19:31:55.434 [main] INFO  manager.ListenerWD -- sendKeys_TagName-->input
19:31:55.462 [main] INFO  manager.ListenerWD -- sendKeys-->
19:31:55.470 [main] INFO  manager.ListenerWD -- sendKeys_TagName-->input
19:31:55.500 [main] INFO  manager.ListenerWD -- Before find element-->By.xpath: //input[@placeholder = 'Password']
19:31:55.515 [main] INFO  manager.ListenerWD -- After find element-->By.xpath: //input[@placeholder = 'Password']
19:31:55.521 [main] INFO  manager.ListenerWD -- Location of element-->input
19:31:55.531 [main] INFO  manager.ListenerWD -- Before click element -->inputtext-->
19:31:55.587 [main] INFO  manager.ListenerWD -- After click element -->inputtext-->
19:31:55.611 [main] INFO  manager.ListenerWD -- sendKeys-->
19:31:55.615 [main] INFO  manager.ListenerWD -- sendKeys_TagName-->input
19:31:55.639 [main] INFO  manager.ListenerWD -- sendKeys-->
19:31:55.644 [main] INFO  manager.ListenerWD -- sendKeys_TagName-->input
19:31:55.672 [main] INFO  manager.ListenerWD -- sendKeys-->
19:31:55.675 [main] INFO  manager.ListenerWD -- sendKeys_TagName-->input
19:31:55.729 [main] INFO  manager.HelperBase -- type in input with locator By.name("email")
19:31:55.729 [main] INFO  manager.ListenerWD -- Before find element-->By.xpath: //button[text()='Login']
19:31:55.753 [main] INFO  manager.ListenerWD -- After find element-->By.xpath: //button[text()='Login']
19:31:55.761 [main] INFO  manager.ListenerWD -- Location of element-->button
19:31:55.786 [main] INFO  manager.ListenerWD -- Before click element -->buttontext-->Login
19:31:56.401 [main] INFO  tests.TestBase -- Assert check is alert present with error text 'Wrong email or password'
19:31:56.402 [main] INFO  tests.TestBase -- =============================================================================
19:31:56.404 [main] INFO  tests.TestBase -- Name of method(test) -->loginWrongEmail
19:31:57.465 [main] INFO  tests.TestBase -- Test data --->  email: 'flowergmail.com' & password: 'Flower123!'
19:31:57.466 [main] INFO  manager.ListenerWD -- Before find element-->By.cssSelector: a[href ='/login']
19:31:57.478 [main] INFO  manager.ListenerWD -- After find element-->By.cssSelector: a[href ='/login']
19:31:57.484 [main] INFO  manager.ListenerWD -- Location of element-->a
19:31:57.495 [main] INFO  manager.ListenerWD -- Before click element -->atext-->LOGIN
19:31:57.547 [main] INFO  manager.ListenerWD -- After click element -->atext-->LOGIN
19:31:57.547 [main] INFO  manager.HelperBase -- open form by click on button with locator a[href ='/login']
19:31:57.547 [main] INFO  manager.ListenerWD -- Before find element-->By.name: email
19:31:57.558 [main] INFO  manager.ListenerWD -- After find element-->By.name: email
19:31:57.564 [main] INFO  manager.ListenerWD -- Location of element-->input
19:31:57.574 [main] INFO  manager.ListenerWD -- Before click element -->inputtext-->
19:31:57.627 [main] INFO  manager.ListenerWD -- After click element -->inputtext-->
19:31:57.649 [main] INFO  manager.ListenerWD -- sendKeys-->
19:31:57.654 [main] INFO  manager.ListenerWD -- sendKeys_TagName-->input
19:31:57.692 [main] INFO  manager.ListenerWD -- sendKeys-->
19:31:57.696 [main] INFO  manager.ListenerWD -- sendKeys_TagName-->input
19:31:57.721 [main] INFO  manager.ListenerWD -- sendKeys-->
19:31:57.725 [main] INFO  manager.ListenerWD -- sendKeys_TagName-->input
19:31:57.748 [main] INFO  manager.ListenerWD -- Before find element-->By.xpath: //input[@placeholder = 'Password']
19:31:57.762 [main] INFO  manager.ListenerWD -- After find element-->By.xpath: //input[@placeholder = 'Password']
19:31:57.767 [main] INFO  manager.ListenerWD -- Location of element-->input
19:31:57.777 [main] INFO  manager.ListenerWD -- Before click element -->inputtext-->
19:31:57.827 [main] INFO  manager.ListenerWD -- After click element -->inputtext-->
19:31:57.850 [main] INFO  manager.ListenerWD -- sendKeys-->
19:31:57.854 [main] INFO  manager.ListenerWD -- sendKeys_TagName-->input
19:31:57.890 [main] INFO  manager.ListenerWD -- sendKeys-->
19:31:57.894 [main] INFO  manager.ListenerWD -- sendKeys_TagName-->input
19:31:57.917 [main] INFO  manager.ListenerWD -- sendKeys-->
19:31:57.921 [main] INFO  manager.ListenerWD -- sendKeys_TagName-->input
19:31:57.942 [main] INFO  manager.HelperBase -- type in input with locator By.name("email")
19:31:57.943 [main] INFO  manager.ListenerWD -- Before find element-->By.xpath: //button[text()='Login']
19:31:57.956 [main] INFO  manager.ListenerWD -- After find element-->By.xpath: //button[text()='Login']
19:31:57.961 [main] INFO  manager.ListenerWD -- Location of element-->button
19:31:57.970 [main] INFO  manager.ListenerWD -- Before click element -->buttontext-->Login
19:31:58.545 [main] INFO  tests.TestBase -- Assert check is alert present with error text 'Wrong email or password'
19:31:58.546 [main] INFO  tests.TestBase -- =============================================================================
19:31:58.547 [main] INFO  tests.TestBase -- Name of method(test) -->loginWrongPassword
19:31:59.597 [main] INFO  tests.TestBase -- Test data --->  email: 'flower@gmail.com' & password: 'Flower12'
19:31:59.597 [main] INFO  manager.ListenerWD -- Before find element-->By.cssSelector: a[href ='/login']
19:31:59.607 [main] INFO  manager.ListenerWD -- After find element-->By.cssSelector: a[href ='/login']
19:31:59.613 [main] INFO  manager.ListenerWD -- Location of element-->a
19:31:59.623 [main] INFO  manager.ListenerWD -- Before click element -->atext-->LOGIN
19:31:59.668 [main] INFO  manager.ListenerWD -- After click element -->atext-->LOGIN
19:31:59.668 [main] INFO  manager.HelperBase -- open form by click on button with locator a[href ='/login']
19:31:59.668 [main] INFO  manager.ListenerWD -- Before find element-->By.name: email
19:31:59.679 [main] INFO  manager.ListenerWD -- After find element-->By.name: email
19:31:59.684 [main] INFO  manager.ListenerWD -- Location of element-->input
19:31:59.695 [main] INFO  manager.ListenerWD -- Before click element -->inputtext-->
19:31:59.767 [main] INFO  manager.ListenerWD -- After click element -->inputtext-->
19:31:59.792 [main] INFO  manager.ListenerWD -- sendKeys-->
19:31:59.797 [main] INFO  manager.ListenerWD -- sendKeys_TagName-->input
19:31:59.830 [main] INFO  manager.ListenerWD -- sendKeys-->
19:31:59.836 [main] INFO  manager.ListenerWD -- sendKeys_TagName-->input
19:31:59.860 [main] INFO  manager.ListenerWD -- sendKeys-->
19:31:59.864 [main] INFO  manager.ListenerWD -- sendKeys_TagName-->input
19:31:59.890 [main] INFO  manager.ListenerWD -- Before find element-->By.xpath: //input[@placeholder = 'Password']
19:31:59.904 [main] INFO  manager.ListenerWD -- After find element-->By.xpath: //input[@placeholder = 'Password']
19:31:59.908 [main] INFO  manager.ListenerWD -- Location of element-->input
19:31:59.919 [main] INFO  manager.ListenerWD -- Before click element -->inputtext-->
19:31:59.964 [main] INFO  manager.ListenerWD -- After click element -->inputtext-->
19:31:59.988 [main] INFO  manager.ListenerWD -- sendKeys-->
19:31:59.992 [main] INFO  manager.ListenerWD -- sendKeys_TagName-->input
19:32:00.046 [main] INFO  manager.ListenerWD -- sendKeys-->
19:32:00.050 [main] INFO  manager.ListenerWD -- sendKeys_TagName-->input
19:32:00.073 [main] INFO  manager.ListenerWD -- sendKeys-->
19:32:00.077 [main] INFO  manager.ListenerWD -- sendKeys_TagName-->input
19:32:00.099 [main] INFO  manager.HelperBase -- type in input with locator By.name("email")
19:32:00.100 [main] INFO  manager.ListenerWD -- Before find element-->By.xpath: //button[text()='Login']
19:32:00.118 [main] INFO  manager.ListenerWD -- After find element-->By.xpath: //button[text()='Login']
19:32:00.124 [main] INFO  manager.ListenerWD -- Location of element-->button
19:32:00.135 [main] INFO  manager.ListenerWD -- Before click element -->buttontext-->Login
19:32:00.712 [main] INFO  tests.TestBase -- Assert check is alert present with error text 'Wrong email or password'
19:32:00.713 [main] INFO  tests.TestBase -- =============================================================================
