20:34:50.981 [Test worker] INFO  manager.ApplicationManager -- All tests runs in Chrome Browser
20:34:52.217 [Test worker] INFO  manager.ListenerWD -- Navigato to-->https://telranedu.web.app/
20:34:53.039 [Test worker] INFO  manager.ApplicationManager -- The link --->https://telranedu.web.app/home
20:34:53.209 [Test worker] INFO  tests.TestBase -- Name of method(test) -->loginWrongEmail
20:34:54.269 [Test worker] INFO  tests.TestBase -- Test data --->  email: 'flowergmail.com' & password: 'Flower123!'
20:34:54.270 [Test worker] INFO  manager.ListenerWD -- Before find element-->By.cssSelector: a[href ='/login']
20:34:54.300 [Test worker] INFO  manager.ListenerWD -- After find element-->By.cssSelector: a[href ='/login']
20:34:54.309 [Test worker] INFO  manager.ListenerWD -- Location of element-->a
20:34:54.333 [Test worker] INFO  manager.ListenerWD -- Before click element -->atext-->LOGIN
20:34:54.448 [Test worker] INFO  manager.ListenerWD -- After click element -->atext-->LOGIN
20:34:54.448 [Test worker] INFO  manager.HelperBase -- open form by click on button with locator a[href ='/login']
20:34:54.449 [Test worker] INFO  manager.ListenerWD -- Before find element-->By.name: email
20:34:54.568 [Test worker] INFO  manager.ListenerWD -- After find element-->By.name: email
20:34:54.595 [Test worker] INFO  manager.ListenerWD -- Location of element-->input
20:34:54.661 [Test worker] INFO  manager.ListenerWD -- Before click element -->inputtext-->
20:34:54.957 [Test worker] INFO  manager.ListenerWD -- After click element -->inputtext-->
20:34:55.071 [Test worker] INFO  manager.ListenerWD -- sendKeys-->
20:34:55.095 [Test worker] INFO  manager.ListenerWD -- sendKeys_TagName-->input
20:34:55.259 [Test worker] INFO  manager.ListenerWD -- sendKeys-->
20:34:55.280 [Test worker] INFO  manager.ListenerWD -- sendKeys_TagName-->input
20:34:55.368 [Test worker] INFO  manager.ListenerWD -- sendKeys-->
20:34:55.381 [Test worker] INFO  manager.ListenerWD -- sendKeys_TagName-->input
20:34:55.470 [Test worker] INFO  manager.ListenerWD -- Before find element-->By.xpath: //input[@placeholder = 'Password']
20:34:55.537 [Test worker] INFO  manager.ListenerWD -- After find element-->By.xpath: //input[@placeholder = 'Password']
20:34:55.555 [Test worker] INFO  manager.ListenerWD -- Location of element-->input
20:34:55.592 [Test worker] INFO  manager.ListenerWD -- Before click element -->inputtext-->
20:34:55.763 [Test worker] INFO  manager.ListenerWD -- After click element -->inputtext-->
20:34:55.861 [Test worker] INFO  manager.ListenerWD -- sendKeys-->
20:34:55.876 [Test worker] INFO  manager.ListenerWD -- sendKeys_TagName-->input
20:34:55.970 [Test worker] INFO  manager.ListenerWD -- sendKeys-->
20:34:55.988 [Test worker] INFO  manager.ListenerWD -- sendKeys_TagName-->input
20:34:56.082 [Test worker] INFO  manager.ListenerWD -- sendKeys-->
20:34:56.100 [Test worker] INFO  manager.ListenerWD -- sendKeys_TagName-->input
20:34:56.200 [Test worker] INFO  manager.HelperBase -- type in input with locator By.name("email")
20:34:56.201 [Test worker] INFO  manager.ListenerWD -- Before find element-->By.xpath: //button[text()='Login']
20:34:56.257 [Test worker] INFO  manager.ListenerWD -- After find element-->By.xpath: //button[text()='Login']
20:34:56.271 [Test worker] INFO  manager.ListenerWD -- Location of element-->button
20:34:56.308 [Test worker] INFO  manager.ListenerWD -- Before click element -->buttontext-->Login
20:34:58.090 [Test worker] INFO  tests.TestBase -- Assert check is alert present with error text 'Wrong email or password'
20:34:58.093 [Test worker] INFO  tests.TestBase -- =============================================================================
20:34:58.101 [Test worker] INFO  tests.TestBase -- Name of method(test) -->registrationWrongPassword
20:34:59.127 [Test worker] INFO  tests.TestBase -- Start test with name 'registrationWrongPassword'
20:34:59.127 [Test worker] INFO  tests.TestBase -- Test data --->  email: 'brown@gmail.com' & password: 'Brown'
20:34:59.127 [Test worker] INFO  manager.ListenerWD -- Before find element-->By.cssSelector: a[href ='/login']
20:34:59.143 [Test worker] INFO  manager.ListenerWD -- After find element-->By.cssSelector: a[href ='/login']
20:34:59.148 [Test worker] INFO  manager.ListenerWD -- Location of element-->a
20:34:59.163 [Test worker] INFO  manager.ListenerWD -- Before click element -->atext-->LOGIN
20:34:59.242 [Test worker] INFO  manager.ListenerWD -- After click element -->atext-->LOGIN
20:34:59.242 [Test worker] INFO  manager.HelperBase -- open form by click on button with locator a[href ='/login']
20:34:59.242 [Test worker] INFO  manager.ListenerWD -- Before find element-->By.name: email
20:34:59.263 [Test worker] INFO  manager.ListenerWD -- After find element-->By.name: email
20:34:59.271 [Test worker] INFO  manager.ListenerWD -- Location of element-->input
20:34:59.288 [Test worker] INFO  manager.ListenerWD -- Before click element -->inputtext-->
20:34:59.385 [Test worker] INFO  manager.ListenerWD -- After click element -->inputtext-->
20:34:59.447 [Test worker] INFO  manager.ListenerWD -- sendKeys-->
20:34:59.456 [Test worker] INFO  manager.ListenerWD -- sendKeys_TagName-->input
20:34:59.547 [Test worker] INFO  manager.ListenerWD -- sendKeys-->
20:34:59.553 [Test worker] INFO  manager.ListenerWD -- sendKeys_TagName-->input
20:34:59.594 [Test worker] INFO  manager.ListenerWD -- sendKeys-->
20:34:59.601 [Test worker] INFO  manager.ListenerWD -- sendKeys_TagName-->input
20:34:59.645 [Test worker] INFO  manager.ListenerWD -- Before find element-->By.xpath: //input[@placeholder = 'Password']
20:34:59.672 [Test worker] INFO  manager.ListenerWD -- After find element-->By.xpath: //input[@placeholder = 'Password']
20:34:59.680 [Test worker] INFO  manager.ListenerWD -- Location of element-->input
20:34:59.705 [Test worker] INFO  manager.ListenerWD -- Before click element -->inputtext-->
20:34:59.831 [Test worker] INFO  manager.ListenerWD -- After click element -->inputtext-->
20:34:59.911 [Test worker] INFO  manager.ListenerWD -- sendKeys-->
20:34:59.924 [Test worker] INFO  manager.ListenerWD -- sendKeys_TagName-->input
20:35:00.020 [Test worker] INFO  manager.ListenerWD -- sendKeys-->
20:35:00.030 [Test worker] INFO  manager.ListenerWD -- sendKeys_TagName-->input
20:35:00.084 [Test worker] INFO  manager.ListenerWD -- sendKeys-->
20:35:00.093 [Test worker] INFO  manager.ListenerWD -- sendKeys_TagName-->input
20:35:00.131 [Test worker] INFO  manager.ListenerWD -- Before find element-->By.xpath: //button[text()='Registration']
20:35:00.160 [Test worker] INFO  manager.ListenerWD -- After find element-->By.xpath: //button[text()='Registration']
20:35:00.168 [Test worker] INFO  manager.ListenerWD -- Location of element-->button
20:35:00.187 [Test worker] INFO  manager.ListenerWD -- Before click element -->buttontext-->Registration
20:35:00.821 [Test worker] INFO  tests.TestBase -- Assert check: is alert signe 'Wrong email or password format' present
20:35:00.822 [Test worker] INFO  tests.TestBase -- =============================================================================
20:35:00.825 [Test worker] INFO  tests.TestBase -- Name of method(test) -->addNewContactSuccessAllFields
20:35:01.853 [Test worker] INFO  manager.ListenerWD -- Before find element-->By.cssSelector: a[href ='/login']
20:35:01.870 [Test worker] INFO  manager.ListenerWD -- After find element-->By.cssSelector: a[href ='/login']
20:35:01.876 [Test worker] INFO  manager.ListenerWD -- Location of element-->a
20:35:01.890 [Test worker] INFO  manager.ListenerWD -- Before click element -->atext-->LOGIN
20:35:01.958 [Test worker] INFO  manager.ListenerWD -- After click element -->atext-->LOGIN
20:35:01.958 [Test worker] INFO  manager.HelperBase -- open form by click on button with locator a[href ='/login']
20:35:01.958 [Test worker] INFO  manager.ListenerWD -- Before find element-->By.name: email
20:35:01.976 [Test worker] INFO  manager.ListenerWD -- After find element-->By.name: email
20:35:01.984 [Test worker] INFO  manager.ListenerWD -- Location of element-->input
20:35:02.000 [Test worker] INFO  manager.ListenerWD -- Before click element -->inputtext-->
20:35:02.074 [Test worker] INFO  manager.ListenerWD -- After click element -->inputtext-->
20:35:02.120 [Test worker] INFO  manager.ListenerWD -- sendKeys-->
20:35:02.128 [Test worker] INFO  manager.ListenerWD -- sendKeys_TagName-->input
20:35:02.204 [Test worker] INFO  manager.ListenerWD -- sendKeys-->
20:35:02.213 [Test worker] INFO  manager.ListenerWD -- sendKeys_TagName-->input
20:35:02.272 [Test worker] INFO  manager.ListenerWD -- sendKeys-->
20:35:02.282 [Test worker] INFO  manager.ListenerWD -- sendKeys_TagName-->input
20:35:02.349 [Test worker] INFO  manager.ListenerWD -- Before find element-->By.xpath: //input[@placeholder = 'Password']
20:35:02.378 [Test worker] INFO  manager.ListenerWD -- After find element-->By.xpath: //input[@placeholder = 'Password']
20:35:02.392 [Test worker] INFO  manager.ListenerWD -- Location of element-->input
20:35:02.426 [Test worker] INFO  manager.ListenerWD -- Before click element -->inputtext-->
20:35:02.575 [Test worker] INFO  manager.ListenerWD -- After click element -->inputtext-->
20:35:02.640 [Test worker] INFO  manager.ListenerWD -- sendKeys-->
20:35:02.650 [Test worker] INFO  manager.ListenerWD -- sendKeys_TagName-->input
20:35:02.736 [Test worker] INFO  manager.ListenerWD -- sendKeys-->
20:35:02.743 [Test worker] INFO  manager.ListenerWD -- sendKeys_TagName-->input
20:35:02.797 [Test worker] INFO  manager.ListenerWD -- sendKeys-->
20:35:02.806 [Test worker] INFO  manager.ListenerWD -- sendKeys_TagName-->input
20:35:02.862 [Test worker] INFO  manager.ListenerWD -- Before find element-->By.xpath: //button[text()='Login']
20:35:02.889 [Test worker] INFO  manager.ListenerWD -- After find element-->By.xpath: //button[text()='Login']
20:35:02.899 [Test worker] INFO  manager.ListenerWD -- Location of element-->button
20:35:02.924 [Test worker] INFO  manager.ListenerWD -- Before click element -->buttontext-->Login
20:35:03.038 [Test worker] INFO  tests.TestBase -- Before method finished logout
20:35:03.041 [Test worker] INFO  tests.TestBase -- Start test with name 'addNewContactSuccessAllFields'
20:35:03.045 [Test worker] INFO  tests.TestBase -- Test data --->  name: 'Bob'; lastName: 'Bobert', phone: '0536781833' email: 'bobert1833@gmail.com', address: 'Tel Aviv, Israel', description: 'friend'
20:35:03.046 [Test worker] INFO  manager.ListenerWD -- Before find element-->By.xpath: //a[normalize-space()='ADD']
20:35:03.319 [Test worker] INFO  manager.ListenerWD -- After find element-->By.xpath: //a[normalize-space()='ADD']
20:35:03.326 [Test worker] INFO  manager.ListenerWD -- Location of element-->a
20:35:03.342 [Test worker] INFO  manager.ListenerWD -- Before click element -->atext-->ADD
20:35:03.445 [Test worker] INFO  manager.ListenerWD -- After click element -->atext-->ADD
20:35:03.446 [Test worker] INFO  manager.ListenerWD -- Before find element-->By.xpath: //input[@placeholder='Name']
20:35:03.477 [Test worker] INFO  manager.ListenerWD -- After find element-->By.xpath: //input[@placeholder='Name']
20:35:03.489 [Test worker] INFO  manager.ListenerWD -- Location of element-->input
20:35:03.513 [Test worker] INFO  manager.ListenerWD -- Before click element -->inputtext-->
20:35:03.672 [Test worker] INFO  manager.ListenerWD -- After click element -->inputtext-->
20:35:03.776 [Test worker] INFO  manager.ListenerWD -- sendKeys-->
20:35:03.799 [Test worker] INFO  manager.ListenerWD -- sendKeys_TagName-->input
20:35:03.893 [Test worker] INFO  manager.ListenerWD -- sendKeys-->
20:35:03.906 [Test worker] INFO  manager.ListenerWD -- sendKeys_TagName-->input
20:35:03.997 [Test worker] INFO  manager.ListenerWD -- sendKeys-->
20:35:04.015 [Test worker] INFO  manager.ListenerWD -- sendKeys_TagName-->input
20:35:04.086 [Test worker] INFO  manager.ListenerWD -- Before find element-->By.xpath: //input[@placeholder='Last Name']
20:35:04.130 [Test worker] INFO  manager.ListenerWD -- After find element-->By.xpath: //input[@placeholder='Last Name']
20:35:04.143 [Test worker] INFO  manager.ListenerWD -- Location of element-->input
20:35:04.175 [Test worker] INFO  manager.ListenerWD -- Before click element -->inputtext-->
20:35:04.306 [Test worker] INFO  manager.ListenerWD -- After click element -->inputtext-->
20:35:04.367 [Test worker] INFO  manager.ListenerWD -- sendKeys-->
20:35:04.376 [Test worker] INFO  manager.ListenerWD -- sendKeys_TagName-->input
20:35:04.434 [Test worker] INFO  manager.ListenerWD -- sendKeys-->
20:35:04.443 [Test worker] INFO  manager.ListenerWD -- sendKeys_TagName-->input
20:35:04.494 [Test worker] INFO  manager.ListenerWD -- sendKeys-->
20:35:04.503 [Test worker] INFO  manager.ListenerWD -- sendKeys_TagName-->input
20:35:04.548 [Test worker] INFO  manager.ListenerWD -- Before find element-->By.xpath: //input[@placeholder='Phone']
20:35:04.576 [Test worker] INFO  manager.ListenerWD -- After find element-->By.xpath: //input[@placeholder='Phone']
20:35:04.587 [Test worker] INFO  manager.ListenerWD -- Location of element-->input
20:35:04.606 [Test worker] INFO  manager.ListenerWD -- Before click element -->inputtext-->
20:35:04.698 [Test worker] INFO  manager.ListenerWD -- After click element -->inputtext-->
20:35:04.736 [Test worker] INFO  manager.ListenerWD -- sendKeys-->
20:35:04.741 [Test worker] INFO  manager.ListenerWD -- sendKeys_TagName-->input
20:35:04.777 [Test worker] INFO  manager.ListenerWD -- sendKeys-->
20:35:04.782 [Test worker] INFO  manager.ListenerWD -- sendKeys_TagName-->input
20:35:04.814 [Test worker] INFO  manager.ListenerWD -- sendKeys-->
20:35:04.820 [Test worker] INFO  manager.ListenerWD -- sendKeys_TagName-->input
20:35:04.852 [Test worker] INFO  manager.ListenerWD -- Before find element-->By.xpath: //input[@placeholder='email']
20:35:04.871 [Test worker] INFO  manager.ListenerWD -- After find element-->By.xpath: //input[@placeholder='email']
20:35:04.877 [Test worker] INFO  manager.ListenerWD -- Location of element-->input
20:35:04.892 [Test worker] INFO  manager.ListenerWD -- Before click element -->inputtext-->
20:35:04.960 [Test worker] INFO  manager.ListenerWD -- After click element -->inputtext-->
20:35:04.993 [Test worker] INFO  manager.ListenerWD -- sendKeys-->
20:35:04.997 [Test worker] INFO  manager.ListenerWD -- sendKeys_TagName-->input
20:35:05.032 [Test worker] INFO  manager.ListenerWD -- sendKeys-->
20:35:05.039 [Test worker] INFO  manager.ListenerWD -- sendKeys_TagName-->input
20:35:05.076 [Test worker] INFO  manager.ListenerWD -- sendKeys-->
20:35:05.083 [Test worker] INFO  manager.ListenerWD -- sendKeys_TagName-->input
20:35:05.133 [Test worker] INFO  manager.ListenerWD -- Before find element-->By.xpath: //input[@placeholder='Address']
20:35:05.162 [Test worker] INFO  manager.ListenerWD -- After find element-->By.xpath: //input[@placeholder='Address']
20:35:05.171 [Test worker] INFO  manager.ListenerWD -- Location of element-->input
20:35:05.194 [Test worker] INFO  manager.ListenerWD -- Before click element -->inputtext-->
20:35:05.332 [Test worker] INFO  manager.ListenerWD -- After click element -->inputtext-->
20:35:05.392 [Test worker] INFO  manager.ListenerWD -- sendKeys-->
20:35:05.401 [Test worker] INFO  manager.ListenerWD -- sendKeys_TagName-->input
20:35:05.459 [Test worker] INFO  manager.ListenerWD -- sendKeys-->
20:35:05.468 [Test worker] INFO  manager.ListenerWD -- sendKeys_TagName-->input
20:35:05.521 [Test worker] INFO  manager.ListenerWD -- sendKeys-->
20:35:05.531 [Test worker] INFO  manager.ListenerWD -- sendKeys_TagName-->input
20:35:05.595 [Test worker] INFO  manager.ListenerWD -- Before find element-->By.xpath: //input[@placeholder='description']
20:35:05.633 [Test worker] INFO  manager.ListenerWD -- After find element-->By.xpath: //input[@placeholder='description']
20:35:05.647 [Test worker] INFO  manager.ListenerWD -- Location of element-->input
20:35:05.678 [Test worker] INFO  manager.ListenerWD -- Before click element -->inputtext-->
20:35:05.818 [Test worker] INFO  manager.ListenerWD -- After click element -->inputtext-->
20:35:05.888 [Test worker] INFO  manager.ListenerWD -- sendKeys-->
20:35:05.900 [Test worker] INFO  manager.ListenerWD -- sendKeys_TagName-->input
20:35:05.971 [Test worker] INFO  manager.ListenerWD -- sendKeys-->
20:35:05.982 [Test worker] INFO  manager.ListenerWD -- sendKeys_TagName-->input
20:35:06.053 [Test worker] INFO  manager.ListenerWD -- sendKeys-->
20:35:06.061 [Test worker] INFO  manager.ListenerWD -- sendKeys_TagName-->input
20:35:07.089 [Test worker] INFO  manager.ListenerWD -- Before find element-->By.cssSelector: .add_form__2rsm2>button
20:35:07.124 [Test worker] INFO  manager.ListenerWD -- After find element-->By.cssSelector: .add_form__2rsm2>button
20:35:07.132 [Test worker] INFO  manager.ListenerWD -- Location of element-->button
20:35:07.152 [Test worker] INFO  manager.ListenerWD -- Before click element -->buttontext-->Save
20:35:07.229 [Test worker] INFO  manager.ListenerWD -- After click element -->buttontext-->Save
20:35:08.356 [Test worker] INFO  tests.TestBase -- Assert check: are name and phone number of the added contact equals test data
20:35:08.357 [Test worker] INFO  tests.TestBase -- =============================================================================
20:35:08.362 [Test worker] INFO  tests.TestBase -- Name of method(test) -->addNewContactSuccessAllFields
20:35:08.378 [Test worker] INFO  tests.TestBase -- Before method finished logout
20:35:08.385 [Test worker] INFO  manager.ListenerWD -- Before find element-->By.xpath: //a[normalize-space()='ADD']
20:35:08.401 [Test worker] INFO  manager.ListenerWD -- After find element-->By.xpath: //a[normalize-space()='ADD']
20:35:08.407 [Test worker] INFO  manager.ListenerWD -- Location of element-->a
20:35:08.421 [Test worker] INFO  manager.ListenerWD -- Before click element -->atext-->ADD
20:35:08.494 [Test worker] INFO  manager.ListenerWD -- After click element -->atext-->ADD
20:35:08.494 [Test worker] INFO  manager.ListenerWD -- Before find element-->By.xpath: //input[@placeholder='Name']
20:35:08.510 [Test worker] INFO  manager.ListenerWD -- After find element-->By.xpath: //input[@placeholder='Name']
20:35:08.518 [Test worker] INFO  manager.ListenerWD -- Location of element-->input
20:35:08.537 [Test worker] INFO  manager.ListenerWD -- Before click element -->inputtext-->
20:35:08.710 [Test worker] INFO  manager.ListenerWD -- After click element -->inputtext-->
20:35:08.819 [Test worker] INFO  manager.ListenerWD -- sendKeys-->
20:35:08.832 [Test worker] INFO  manager.ListenerWD -- sendKeys_TagName-->input
20:35:08.904 [Test worker] INFO  manager.ListenerWD -- sendKeys-->
20:35:08.913 [Test worker] INFO  manager.ListenerWD -- sendKeys_TagName-->input
20:35:08.979 [Test worker] INFO  manager.ListenerWD -- sendKeys-->
20:35:08.989 [Test worker] INFO  manager.ListenerWD -- sendKeys_TagName-->input
20:35:09.039 [Test worker] INFO  manager.ListenerWD -- Before find element-->By.xpath: //input[@placeholder='Last Name']
20:35:09.063 [Test worker] INFO  manager.ListenerWD -- After find element-->By.xpath: //input[@placeholder='Last Name']
20:35:09.073 [Test worker] INFO  manager.ListenerWD -- Location of element-->input
20:35:09.102 [Test worker] INFO  manager.ListenerWD -- Before click element -->inputtext-->
20:35:09.255 [Test worker] INFO  manager.ListenerWD -- After click element -->inputtext-->
20:35:09.338 [Test worker] INFO  manager.ListenerWD -- sendKeys-->
20:35:09.353 [Test worker] INFO  manager.ListenerWD -- sendKeys_TagName-->input
20:35:09.425 [Test worker] INFO  manager.ListenerWD -- sendKeys-->
20:35:09.435 [Test worker] INFO  manager.ListenerWD -- sendKeys_TagName-->input
20:35:09.499 [Test worker] INFO  manager.ListenerWD -- sendKeys-->
20:35:09.510 [Test worker] INFO  manager.ListenerWD -- sendKeys_TagName-->input
20:35:09.557 [Test worker] INFO  manager.ListenerWD -- Before find element-->By.xpath: //input[@placeholder='Phone']
20:35:09.583 [Test worker] INFO  manager.ListenerWD -- After find element-->By.xpath: //input[@placeholder='Phone']
20:35:09.592 [Test worker] INFO  manager.ListenerWD -- Location of element-->input
20:35:09.622 [Test worker] INFO  manager.ListenerWD -- Before click element -->inputtext-->
20:35:09.774 [Test worker] INFO  manager.ListenerWD -- After click element -->inputtext-->
20:35:09.856 [Test worker] INFO  manager.ListenerWD -- sendKeys-->
20:35:09.868 [Test worker] INFO  manager.ListenerWD -- sendKeys_TagName-->input
20:35:09.937 [Test worker] INFO  manager.ListenerWD -- sendKeys-->
20:35:09.948 [Test worker] INFO  manager.ListenerWD -- sendKeys_TagName-->input
20:35:10.003 [Test worker] INFO  manager.ListenerWD -- sendKeys-->
20:35:10.012 [Test worker] INFO  manager.ListenerWD -- sendKeys_TagName-->input
20:35:10.073 [Test worker] INFO  manager.ListenerWD -- Before find element-->By.xpath: //input[@placeholder='email']
20:35:10.099 [Test worker] INFO  manager.ListenerWD -- After find element-->By.xpath: //input[@placeholder='email']
20:35:10.108 [Test worker] INFO  manager.ListenerWD -- Location of element-->input
20:35:10.132 [Test worker] INFO  manager.ListenerWD -- Before click element -->inputtext-->
20:35:10.233 [Test worker] INFO  manager.ListenerWD -- After click element -->inputtext-->
20:35:10.276 [Test worker] INFO  manager.ListenerWD -- sendKeys-->
20:35:10.283 [Test worker] INFO  manager.ListenerWD -- sendKeys_TagName-->input
20:35:10.321 [Test worker] INFO  manager.ListenerWD -- sendKeys-->
20:35:10.327 [Test worker] INFO  manager.ListenerWD -- sendKeys_TagName-->input
20:35:10.369 [Test worker] INFO  manager.ListenerWD -- sendKeys-->
20:35:10.377 [Test worker] INFO  manager.ListenerWD -- sendKeys_TagName-->input
20:35:10.423 [Test worker] INFO  manager.ListenerWD -- Before find element-->By.xpath: //input[@placeholder='Address']
20:35:10.446 [Test worker] INFO  manager.ListenerWD -- After find element-->By.xpath: //input[@placeholder='Address']
20:35:10.455 [Test worker] INFO  manager.ListenerWD -- Location of element-->input
20:35:10.480 [Test worker] INFO  manager.ListenerWD -- Before click element -->inputtext-->
20:35:10.593 [Test worker] INFO  manager.ListenerWD -- After click element -->inputtext-->
20:35:10.643 [Test worker] INFO  manager.ListenerWD -- sendKeys-->
20:35:10.650 [Test worker] INFO  manager.ListenerWD -- sendKeys_TagName-->input
20:35:10.697 [Test worker] INFO  manager.ListenerWD -- sendKeys-->
20:35:10.703 [Test worker] INFO  manager.ListenerWD -- sendKeys_TagName-->input
20:35:10.757 [Test worker] INFO  manager.ListenerWD -- sendKeys-->
20:35:10.768 [Test worker] INFO  manager.ListenerWD -- sendKeys_TagName-->input
20:35:10.822 [Test worker] INFO  manager.ListenerWD -- Before find element-->By.xpath: //input[@placeholder='description']
20:35:10.853 [Test worker] INFO  manager.ListenerWD -- After find element-->By.xpath: //input[@placeholder='description']
20:35:10.865 [Test worker] INFO  manager.ListenerWD -- Location of element-->input
20:35:10.894 [Test worker] INFO  manager.ListenerWD -- Before click element -->inputtext-->
20:35:11.017 [Test worker] INFO  manager.ListenerWD -- After click element -->inputtext-->
20:35:11.065 [Test worker] INFO  manager.ListenerWD -- sendKeys-->
20:35:11.071 [Test worker] INFO  manager.ListenerWD -- sendKeys_TagName-->input
20:35:11.115 [Test worker] INFO  manager.ListenerWD -- sendKeys-->
20:35:11.123 [Test worker] INFO  manager.ListenerWD -- sendKeys_TagName-->input
20:35:11.167 [Test worker] INFO  manager.ListenerWD -- sendKeys-->
20:35:11.175 [Test worker] INFO  manager.ListenerWD -- sendKeys_TagName-->input
20:35:11.216 [Test worker] INFO  manager.ListenerWD -- Before find element-->By.cssSelector: .add_form__2rsm2>button
20:35:11.236 [Test worker] INFO  manager.ListenerWD -- After find element-->By.cssSelector: .add_form__2rsm2>button
20:35:11.244 [Test worker] INFO  manager.ListenerWD -- Location of element-->button
20:35:11.267 [Test worker] INFO  manager.ListenerWD -- Before click element -->buttontext-->Save
20:35:11.355 [Test worker] INFO  manager.ListenerWD -- After click element -->buttontext-->Save
20:35:12.291 [Test worker] INFO  tests.TestBase -- =============================================================================
20:35:12.293 [Test worker] INFO  tests.TestBase -- Name of method(test) -->addNewContactSuccessAllFields
20:35:12.315 [Test worker] INFO  tests.TestBase -- Before method finished logout
20:35:12.316 [Test worker] INFO  manager.ListenerWD -- Before find element-->By.xpath: //a[normalize-space()='ADD']
20:35:12.340 [Test worker] INFO  manager.ListenerWD -- After find element-->By.xpath: //a[normalize-space()='ADD']
20:35:12.349 [Test worker] INFO  manager.ListenerWD -- Location of element-->a
20:35:12.368 [Test worker] INFO  manager.ListenerWD -- Before click element -->atext-->ADD
20:35:12.471 [Test worker] INFO  manager.ListenerWD -- After click element -->atext-->ADD
20:35:12.471 [Test worker] INFO  manager.ListenerWD -- Before find element-->By.xpath: //input[@placeholder='Name']
20:35:12.490 [Test worker] INFO  manager.ListenerWD -- After find element-->By.xpath: //input[@placeholder='Name']
20:35:12.497 [Test worker] INFO  manager.ListenerWD -- Location of element-->input
20:35:12.517 [Test worker] INFO  manager.ListenerWD -- Before click element -->inputtext-->
20:35:12.597 [Test worker] INFO  manager.ListenerWD -- After click element -->inputtext-->
20:35:12.633 [Test worker] INFO  manager.ListenerWD -- sendKeys-->
20:35:12.637 [Test worker] INFO  manager.ListenerWD -- sendKeys_TagName-->input
20:35:12.676 [Test worker] INFO  manager.ListenerWD -- sendKeys-->
20:35:12.681 [Test worker] INFO  manager.ListenerWD -- sendKeys_TagName-->input
20:35:12.714 [Test worker] INFO  manager.ListenerWD -- sendKeys-->
20:35:12.720 [Test worker] INFO  manager.ListenerWD -- sendKeys_TagName-->input
20:35:12.745 [Test worker] INFO  manager.ListenerWD -- Before find element-->By.xpath: //input[@placeholder='Last Name']
20:35:12.759 [Test worker] INFO  manager.ListenerWD -- After find element-->By.xpath: //input[@placeholder='Last Name']
20:35:12.765 [Test worker] INFO  manager.ListenerWD -- Location of element-->input
20:35:12.776 [Test worker] INFO  manager.ListenerWD -- Before click element -->inputtext-->
20:35:12.842 [Test worker] INFO  manager.ListenerWD -- After click element -->inputtext-->
20:35:12.870 [Test worker] INFO  manager.ListenerWD -- sendKeys-->
20:35:12.875 [Test worker] INFO  manager.ListenerWD -- sendKeys_TagName-->input
20:35:12.905 [Test worker] INFO  manager.ListenerWD -- sendKeys-->
20:35:12.910 [Test worker] INFO  manager.ListenerWD -- sendKeys_TagName-->input
20:35:12.943 [Test worker] INFO  manager.ListenerWD -- sendKeys-->
20:35:12.950 [Test worker] INFO  manager.ListenerWD -- sendKeys_TagName-->input
20:35:12.978 [Test worker] INFO  manager.ListenerWD -- Before find element-->By.xpath: //input[@placeholder='Phone']
20:35:12.994 [Test worker] INFO  manager.ListenerWD -- After find element-->By.xpath: //input[@placeholder='Phone']
20:35:12.999 [Test worker] INFO  manager.ListenerWD -- Location of element-->input
20:35:13.014 [Test worker] INFO  manager.ListenerWD -- Before click element -->inputtext-->
20:35:13.083 [Test worker] INFO  manager.ListenerWD -- After click element -->inputtext-->
20:35:13.118 [Test worker] INFO  manager.ListenerWD -- sendKeys-->
20:35:13.124 [Test worker] INFO  manager.ListenerWD -- sendKeys_TagName-->input
20:35:13.161 [Test worker] INFO  manager.ListenerWD -- sendKeys-->
20:35:13.167 [Test worker] INFO  manager.ListenerWD -- sendKeys_TagName-->input
20:35:13.207 [Test worker] INFO  manager.ListenerWD -- sendKeys-->
20:35:13.212 [Test worker] INFO  manager.ListenerWD -- sendKeys_TagName-->input
20:35:13.251 [Test worker] INFO  manager.ListenerWD -- Before find element-->By.xpath: //input[@placeholder='email']
20:35:13.267 [Test worker] INFO  manager.ListenerWD -- After find element-->By.xpath: //input[@placeholder='email']
20:35:13.273 [Test worker] INFO  manager.ListenerWD -- Location of element-->input
20:35:13.287 [Test worker] INFO  manager.ListenerWD -- Before click element -->inputtext-->
20:35:13.353 [Test worker] INFO  manager.ListenerWD -- After click element -->inputtext-->
20:35:13.384 [Test worker] INFO  manager.ListenerWD -- sendKeys-->
20:35:13.389 [Test worker] INFO  manager.ListenerWD -- sendKeys_TagName-->input
20:35:13.418 [Test worker] INFO  manager.ListenerWD -- sendKeys-->
20:35:13.422 [Test worker] INFO  manager.ListenerWD -- sendKeys_TagName-->input
20:35:13.453 [Test worker] INFO  manager.ListenerWD -- sendKeys-->
20:35:13.458 [Test worker] INFO  manager.ListenerWD -- sendKeys_TagName-->input
20:35:13.493 [Test worker] INFO  manager.ListenerWD -- Before find element-->By.xpath: //input[@placeholder='Address']
20:35:13.511 [Test worker] INFO  manager.ListenerWD -- After find element-->By.xpath: //input[@placeholder='Address']
20:35:13.516 [Test worker] INFO  manager.ListenerWD -- Location of element-->input
20:35:13.532 [Test worker] INFO  manager.ListenerWD -- Before click element -->inputtext-->
20:35:13.617 [Test worker] INFO  manager.ListenerWD -- After click element -->inputtext-->
20:35:13.658 [Test worker] INFO  manager.ListenerWD -- sendKeys-->
20:35:13.664 [Test worker] INFO  manager.ListenerWD -- sendKeys_TagName-->input
20:35:13.710 [Test worker] INFO  manager.ListenerWD -- sendKeys-->
20:35:13.718 [Test worker] INFO  manager.ListenerWD -- sendKeys_TagName-->input
20:35:13.769 [Test worker] INFO  manager.ListenerWD -- sendKeys-->
20:35:13.777 [Test worker] INFO  manager.ListenerWD -- sendKeys_TagName-->input
20:35:13.831 [Test worker] INFO  manager.ListenerWD -- Before find element-->By.xpath: //input[@placeholder='description']
20:35:13.864 [Test worker] INFO  manager.ListenerWD -- After find element-->By.xpath: //input[@placeholder='description']
20:35:13.876 [Test worker] INFO  manager.ListenerWD -- Location of element-->input
20:35:13.903 [Test worker] INFO  manager.ListenerWD -- Before click element -->inputtext-->
20:35:14.036 [Test worker] INFO  manager.ListenerWD -- After click element -->inputtext-->
20:35:14.080 [Test worker] INFO  manager.ListenerWD -- sendKeys-->
20:35:14.086 [Test worker] INFO  manager.ListenerWD -- sendKeys_TagName-->input
20:35:14.129 [Test worker] INFO  manager.ListenerWD -- sendKeys-->
20:35:14.134 [Test worker] INFO  manager.ListenerWD -- sendKeys_TagName-->input
20:35:14.162 [Test worker] INFO  manager.ListenerWD -- Before find element-->By.cssSelector: .add_form__2rsm2>button
20:35:14.180 [Test worker] INFO  manager.ListenerWD -- After find element-->By.cssSelector: .add_form__2rsm2>button
20:35:14.186 [Test worker] INFO  manager.ListenerWD -- Location of element-->button
20:35:14.201 [Test worker] INFO  manager.ListenerWD -- Before click element -->buttontext-->Save
20:35:14.272 [Test worker] INFO  manager.ListenerWD -- After click element -->buttontext-->Save
20:35:15.155 [Test worker] INFO  tests.TestBase -- =============================================================================
20:35:15.157 [Test worker] INFO  tests.TestBase -- Name of method(test) -->removeFirstContact
20:35:15.175 [Test worker] INFO  tests.TestBase -- Before method finished logout
20:35:15.410 [Test worker] INFO  manager.HelperBase -- Number of Contacts before remove is -->12
20:35:15.410 [Test worker] INFO  manager.ListenerWD -- Before find element-->By.cssSelector: .contact-item_card__2SOIM
20:35:15.443 [Test worker] INFO  manager.ListenerWD -- After find element-->By.cssSelector: .contact-item_card__2SOIM
20:35:15.453 [Test worker] INFO  manager.ListenerWD -- Location of element-->div
20:35:15.480 [Test worker] INFO  manager.ListenerWD -- Before click element -->divtext-->Harry
555667771239
20:35:15.605 [Test worker] INFO  manager.ListenerWD -- After click element -->divtext-->Harry
555667771239
20:35:15.606 [Test worker] INFO  manager.ListenerWD -- Before find element-->By.xpath: //button[text()='Remove']
20:35:15.639 [Test worker] INFO  manager.ListenerWD -- After find element-->By.xpath: //button[text()='Remove']
20:35:15.650 [Test worker] INFO  manager.ListenerWD -- Location of element-->button
20:35:15.682 [Test worker] INFO  manager.ListenerWD -- Before click element -->buttontext-->Remove
20:35:15.859 [Test worker] INFO  manager.ListenerWD -- After click element -->buttontext-->Remove
20:35:17.918 [Test worker] INFO  manager.HelperBase -- Number of Contacts before remove is -->12
20:35:17.919 [Test worker] INFO  tests.TestBase -- =============================================================================
